Archive member included to satisfy reference by file (symbol)

c:/nxp/s32ds_power_v2.1/s32ds/build_tools/powerpc-eabivle-4_9/bin/../lib/gcc/powerpc-eabivle/4.9.4/e200z4/fp\libgcc.a(eabivle.o)
                              ./Sources/main.o (__eabi)

Discarded input sections

 .text          0x00000000        0x0 c:/nxp/s32ds_power_v2.1/s32ds/build_tools/powerpc-eabivle-4_9/bin/../lib/gcc/powerpc-eabivle/4.9.4/e200z4/fp/ecrti.o
 .data          0x00000000        0x0 c:/nxp/s32ds_power_v2.1/s32ds/build_tools/powerpc-eabivle-4_9/bin/../lib/gcc/powerpc-eabivle/4.9.4/e200z4/fp/ecrti.o
 .bss           0x00000000        0x0 c:/nxp/s32ds_power_v2.1/s32ds/build_tools/powerpc-eabivle-4_9/bin/../lib/gcc/powerpc-eabivle/4.9.4/e200z4/fp/ecrti.o
 .fixup         0x00000000        0x0 c:/nxp/s32ds_power_v2.1/s32ds/build_tools/powerpc-eabivle-4_9/bin/../lib/gcc/powerpc-eabivle/4.9.4/e200z4/fp/ecrti.o
 .sbss          0x00000000        0x0 c:/nxp/s32ds_power_v2.1/s32ds/build_tools/powerpc-eabivle-4_9/bin/../lib/gcc/powerpc-eabivle/4.9.4/e200z4/fp/ecrti.o
 .sbss2         0x00000000        0x0 c:/nxp/s32ds_power_v2.1/s32ds/build_tools/powerpc-eabivle-4_9/bin/../lib/gcc/powerpc-eabivle/4.9.4/e200z4/fp/ecrti.o
 .gcc_except_table
                0x00000000        0x0 c:/nxp/s32ds_power_v2.1/s32ds/build_tools/powerpc-eabivle-4_9/bin/../lib/gcc/powerpc-eabivle/4.9.4/e200z4/fp/ecrti.o
 .data          0x00000000        0x4 c:/nxp/s32ds_power_v2.1/s32ds/build_tools/powerpc-eabivle-4_9/bin/../lib/gcc/powerpc-eabivle/4.9.4/e200z4/fp/crtbegin.o
 .group         0x00000000        0x8 ./Generated_Code/Cpu.o
 .group         0x00000000        0x8 ./Generated_Code/Cpu.o
 .group         0x00000000        0x8 ./Generated_Code/Cpu.o
 .group         0x00000000        0x8 ./Generated_Code/Cpu.o
 .group         0x00000000        0x8 ./Generated_Code/Cpu.o
 .group         0x00000000        0x8 ./Generated_Code/Cpu.o
 .group         0x00000000        0x8 ./Generated_Code/Cpu.o
 .group         0x00000000        0x8 ./Generated_Code/Cpu.o
 .group         0x00000000        0x8 ./Generated_Code/Cpu.o
 .group         0x00000000        0x8 ./Generated_Code/Cpu.o
 .group         0x00000000        0x8 ./Generated_Code/Cpu.o
 .group         0x00000000        0x8 ./Generated_Code/Cpu.o
 .group         0x00000000        0x8 ./Generated_Code/Cpu.o
 .group         0x00000000        0x8 ./Generated_Code/Cpu.o
 .group         0x00000000        0x8 ./Generated_Code/Cpu.o
 .group         0x00000000        0x8 ./Generated_Code/Cpu.o
 .group         0x00000000        0x8 ./Generated_Code/Cpu.o
 .group         0x00000000        0x8 ./Generated_Code/Cpu.o
 .group         0x00000000        0x8 ./Generated_Code/Cpu.o
 .group         0x00000000        0x8 ./Generated_Code/Cpu.o
 .group         0x00000000        0x8 ./Generated_Code/Cpu.o
 .group         0x00000000        0x8 ./Generated_Code/Cpu.o
 .group         0x00000000        0x8 ./Generated_Code/Cpu.o
 .group         0x00000000        0x8 ./Generated_Code/Cpu.o
 .text          0x00000000        0x0 ./Generated_Code/Cpu.o
 .data          0x00000000        0x0 ./Generated_Code/Cpu.o
 .bss           0x00000000        0x0 ./Generated_Code/Cpu.o
 .debug_info    0x00000000       0x76 ./Generated_Code/Cpu.o
 .debug_abbrev  0x00000000       0x29 ./Generated_Code/Cpu.o
 .debug_aranges
                0x00000000       0x18 ./Generated_Code/Cpu.o
 .debug_macro   0x00000000      0x1a5 ./Generated_Code/Cpu.o
 .debug_macro   0x00000000      0x616 ./Generated_Code/Cpu.o
 .debug_macro   0x00000000       0x52 ./Generated_Code/Cpu.o
 .debug_macro   0x00000000       0xa0 ./Generated_Code/Cpu.o
 .debug_macro   0x00000000       0x16 ./Generated_Code/Cpu.o
 .debug_macro   0x00000000       0x11 ./Generated_Code/Cpu.o
 .debug_macro   0x00000000       0x75 ./Generated_Code/Cpu.o
 .debug_macro   0x00000000       0x16 ./Generated_Code/Cpu.o
 .debug_macro   0x00000000       0x5e ./Generated_Code/Cpu.o
 .debug_macro   0x00000000      0x1aa ./Generated_Code/Cpu.o
 .debug_macro   0x00000000      0x13a ./Generated_Code/Cpu.o
 .debug_macro   0x00000000       0x9d ./Generated_Code/Cpu.o
 .debug_macro   0x00000000       0x10 ./Generated_Code/Cpu.o
 .debug_macro   0x00000000      0x15b ./Generated_Code/Cpu.o
 .debug_macro   0x00000000       0x28 ./Generated_Code/Cpu.o
 .debug_macro   0x00000000       0x58 ./Generated_Code/Cpu.o
 .debug_macro   0x00000000    0x27e7a ./Generated_Code/Cpu.o
 .debug_macro   0x00000000     0x15f0 ./Generated_Code/Cpu.o
 .debug_macro   0x00000000       0x22 ./Generated_Code/Cpu.o
 .debug_macro   0x00000000      0x3f7 ./Generated_Code/Cpu.o
 .debug_macro   0x00000000       0x28 ./Generated_Code/Cpu.o
 .debug_macro   0x00000000       0x16 ./Generated_Code/Cpu.o
 .debug_macro   0x00000000       0x16 ./Generated_Code/Cpu.o
 .debug_macro   0x00000000       0x16 ./Generated_Code/Cpu.o
 .debug_macro   0x00000000       0x10 ./Generated_Code/Cpu.o
 .debug_line    0x00000000      0x56e ./Generated_Code/Cpu.o
[...]
Memory Configuration

Name             Origin             Length             Attributes
SRAM             0x40000000         0x00040000
*default*        0x00000000         0xffffffff

Linker script and memory map

LOAD c:/nxp/s32ds_power_v2.1/s32ds/build_tools/powerpc-eabivle-4_9/bin/../lib/gcc/powerpc-eabivle/4.9.4/e200z4/fp/ecrti.o
LOAD c:/nxp/s32ds_power_v2.1/s32ds/build_tools/powerpc-eabivle-4_9/bin/../lib/gcc/powerpc-eabivle/4.9.4/e200z4/fp/crtbegin.o
LOAD ./Generated_Code/Cpu.o
LOAD ./Generated_Code/clockMan1.o
LOAD ./Generated_Code/pin_mux.o
LOAD ./Project_Settings/Startup_Code/core0_intc_sw_handlers.o
LOAD ./Project_Settings/Startup_Code/interrupt_vectors.o
LOAD ./Project_Settings/Startup_Code/startup_MPC5748G.o
LOAD ./SDK/platform/devices/MPC5748G/startup/system_MPC5748G.o
LOAD ./SDK/platform/devices/startup.o
LOAD ./SDK/platform/drivers/src/clock/MPC57xx/clock_MPC57xx.o
LOAD ./SDK/platform/drivers/src/interrupt/interrupt_manager_MPC57xx.o
LOAD ./SDK/platform/drivers/src/pins/siul2/pins_siul2_driver.o
LOAD ./SDK/platform/drivers/src/pins/siul2/siul2_hw_access.o
LOAD ./Sources/main.o
START GROUP
LOAD C:/NXP/S32DS_Power_v2.1/S32DS/build_tools/e200_ewl2/lib/e200z4/fp\libc99.a
LOAD C:/NXP/S32DS_Power_v2.1/S32DS/build_tools/e200_ewl2/lib/e200z4/fp\libm.a
LOAD c:/nxp/s32ds_power_v2.1/s32ds/build_tools/powerpc-eabivle-4_9/bin/../lib/gcc/powerpc-eabivle/4.9.4/e200z4/fp\libgcc.a
LOAD C:/NXP/S32DS_Power_v2.1/S32DS/build_tools/e200_ewl2/lib/e200z4/fp\librt.a
END GROUP
LOAD c:/nxp/s32ds_power_v2.1/s32ds/build_tools/powerpc-eabivle-4_9/bin/../lib/gcc/powerpc-eabivle/4.9.4/e200z4/fp/crtend.o
LOAD c:/nxp/s32ds_power_v2.1/s32ds/build_tools/powerpc-eabivle-4_9/bin/../lib/gcc/powerpc-eabivle/4.9.4/e200z4/fp/ecrtn.o
                0x00000000                __HEAP_SIZE = DEFINED (__heap_size__)?__heap_size__:0x0
                0x00001000                __STACK_SIZE = DEFINED (__stack_size__)?__stack_size__:0x1000
                0x40000000                SRAM_BASE_ADDR = DEFINED (__sram_base_addr__)?__sram_base_addr__:0x40000000
                0x00040000                SRAM_SIZE = DEFINED (__sram_size__)?__sram_size__:0x40000

.startup        0x40000000      0x168
                0x40000000                __start = .
 *(.startup)
 .startup       0x40000000      0x168 ./Project_Settings/Startup_Code/startup_MPC5748G.o
                0x40000000                Reset_Handler
                0x40000000                _start

.core_exceptions_table
                0x40001000       0xb4
                0x40001000                __IVPR_VALUE = .
 *(.core_exceptions_table)
 .core_exceptions_table
                0x40001000       0xb4 ./Project_Settings/Startup_Code/interrupt_vectors.o
                0x40001000                IVOR0_Vector
                0x40001000                VTABLE
                0x40001010                IVOR1_Vector
                0x40001020                IVOR2_Vector
                0x40001030                IVOR3_Vector
                0x40001040                IVOR4_Vector
                0x40001050                IVOR5_Vector
                0x40001060                IVOR6_Vector
                0x40001070                IVOR35_Vector
                0x40001080                IVOR8_Vector
                0x40001090                IVOR15_Vector
                0x400010a0                IVOR33_Vector
                0x400010b0                IVOR34_Vector

.intc_vector_table
                0x40002000      0xbcc
                0x40002000                __VECTOR_TABLE = .
                0x40002000                __VECTOR_RAM = .
                0x40002000                __interrupts_start__ = .
 *(.intc_vector_table)
 .intc_vector_table
                0x40002000      0xbcc ./Project_Settings/Startup_Code/startup_MPC5748G.o
                0x40002000                __isr_vector
                0x40002bc8                LINFLEXD6_UART_ErrIRQHandler
                0x40002bc8                LINFLEXD5_UART_ErrIRQHandler
                0x40002bc8                DSPI1_Send_IRQHandler
                0x40002bc8                DSPI0_FIFO_Error_IRQHandler
                0x40002bc8                SIUL_EIRQ_16_23_IRQHandler
                0x40002bc8                CAN4_ORed_12_15_MB_IRQHandler
                0x40002bc8                LINFLEXD3_UART_ErrIRQHandler
                0x40002bc8                PIT_Ch15_IRQHandler
                0x40002bc8                CAN5_Error_IRQHandler
                0x40002bc8                CAN1_ORed_12_15_MB_IRQHandler
                0x40002bc8                DMA0_Ch31_IRQHandler
                0x40002bc8                EMIOS0_30_31_IRQHandler
                0x40002bc8                SWT0_IRQHandler
                0x40002bc8                PIT_Ch10_IRQHandler
                0x40002bc8                SAI2_Rx_IRQHandler
                0x40002bc8                LINFLEXD2_UART_TxIRQHandler
                0x40002bc8                CAN2_ORed_12_15_MB_IRQHandler
                0x40002bc8                PIT_Ch14_IRQHandler
                0x40002bc8                PIT_Ch0_IRQHandler
                0x40002bc8                DSPI6_Send_IRQHandler
                0x40002bc8                EMIOS1_26_27_IRQHandler
                0x40002bc8                LINFLEXD10_UART_RxIRQHandler
                0x40002bc8                DMA0_Ch27_IRQHandler
                0x40002bc8                LINFLEXD13_UART_RxIRQHandler
                0x40002bc8                EMIOS0_22_23_IRQHandler
                0x40002bc8                EMIOS1_28_29_IRQHandler
                0x40002bc8                CAN1_ORed_IRQHandler
                0x40002bc8                SAI0_Rx_IRQHandler
                0x40002bc8                DSPI3_Receive_IRQHandler
                0x40002bc8                EMIOS1_30_31_IRQHandler
                0x40002bc8                EMIOS0_10_11_IRQHandler
                0x40002bc8                ADC0_WD_IRQHandler
                0x40002bc8                STM2_Ch2_IRQHandler
                0x40002bc8                IVOR34_Exception_Handler
                0x40002bc8                DSPI4_Send_IRQHandler
                0x40002bc8                DSPI5_FIFO_Error_IRQHandler
                0x40002bc8                USBOTG_IRQHandler
                0x40002bc8                EMIOS1_00_01_IRQHandler
                0x40002bc8                ADC1_WD_IRQHandler
                0x40002bc8                IVOR5_Exception_Handler
                0x40002bc8                ENET0_Rx_1_IRQHandler
                0x40002bc8                DMA0_Ch6_IRQHandler
                0x40002bc8                LINFLEXD0_UART_ErrIRQHandler
                0x40002bc8                LINFLEXD14_UART_RxIRQHandler
                0x40002bc8                ENET1_Rx_2_IRQHandler
                0x40002bc8                LINFLEXD5_UART_RxIRQHandler
                0x40002bc8                LINFLEXD7_UART_RxIRQHandler
                0x40002bc8                CAN2_ORed_04_07_MB_IRQHandler
                0x40002bc8                SWT2_IRQHandler
                0x40002bc8                CAN7_ORed_IRQHandler
                0x40002bc8                ENET0_Tx_2_IRQHandler
                0x40002bc8                DSPI3_Send_IRQHandler
                0x40002bc8                IVOR2_Exception_Handler
                0x40002bc8                LINFLEXD11_UART_TxIRQHandler
                0x40002bc8                ENET1_Tx_IRQHandler
                0x40002bc8                CAN3_Error_IRQHandler
                0x40002bc8                CAN1_ORed_64_95_MB_IRQHandler
                0x40002bc8                CAN2_Error_IRQHandler
                0x40002bc8                SAI2_Tx_IRQHandler
                0x40002bc8                PIT_Ch7_IRQHandler
                0x40002bc8                CAN5_ORed_04_07_MB_IRQHandler
                0x40002bc8                ENET0_Parser_IRQHandler
                0x40002bc8                EMIOS2_26_27_IRQHandler
                0x40002bc8                EMIOS2_00_01_IRQHandler
                0x40002bc8                LINFLEXD10_UART_TxIRQHandler
                0x40002bc8                LINFLEXD13_UART_TxIRQHandler
                0x40002bc8                DMA0_Ch24_IRQHandler
                0x40002bc8                IVOR33_Exception_Handler
                0x40002bc8                DMA0_Ch13_IRQHandler
                0x40002bc8                STM2_Ch3_IRQHandler
                0x40002bc8                WKPU_23_16_IRQHandler
                0x40002bc8                DMA0_Ch7_IRQHandler
                0x40002bc8                EMIOS0_24_25_IRQHandler
                0x40002bc8                CAN3_ORed_16_31_MB_IRQHandler
                0x40002bc8                LINFLEXD0_UART_TxIRQHandler
                0x40002bc8                DMA0_Ch16_IRQHandler
                0x40002bc8                DSPI9_FIFO_Error_IRQHandler
                0x40002bc8                DMA0_Ch30_IRQHandler
                0x40002bc8                DSPI2_FIFO_Error_IRQHandler
                0x40002bc8                CAN1_ORed_00_03_MB_IRQHandler
                0x40002bc8                LINFLEXD9_UART_ErrIRQHandler
                0x40002bc8                SAI0_Tx_IRQHandler
                0x40002bc8                ADC1_ER_IRQHandler
                0x40002bc8                DSPI9_Receive_IRQHandler
                0x40002bc8                CAN5_ORed_00_03_MB_IRQHandler
                0x40002bc8                LINFLEXD14_UART_TxIRQHandler
                0x40002bc8                LINFLEXD9_UART_TxIRQHandler
                0x40002bc8                LINFLEXD17_UART_RxIRQHandler
                0x40002bc8                DMA0_Ch17_IRQHandler
                0x40002bc8                DMA0_Ch2_IRQHandler
                0x40002bc8                DSPI6_Receive_IRQHandler
                0x40002bc8                DMA0_Ch10_IRQHandler
                0x40002bc8                LINFLEXD10_UART_ErrIRQHandler
                0x40002bc8                PIT_Ch1_IRQHandler
                0x40002bc8                EMIOS0_12_13_IRQHandler
                0x40002bc8                PIT_Ch5_IRQHandler
                0x40002bc8                DSPI0_Send_IRQHandler
                0x40002bc8                DMA0_Ch9_IRQHandler
                0x40002bc8                ENET1_Rx_IRQHandler
                0x40002bc8                EMIOS1_14_15_IRQHandler
                0x40002bc8                LINFLEXD16_UART_ErrIRQHandler
                0x40002bc8                CAN5_ORed_64_95_MB_IRQHandler
                0x40002bc8                LINFLEXD14_UART_ErrIRQHandler
                0x40002bc8                CAN4_ORed_IRQHandler
                0x40002bc8                BCTU_ListLast_IRQHandler
                0x40002bc8                ENET0_Rx_IRQHandler
                0x40002bc8                DMA0_Ch3_IRQHandler
                0x40002bc8                DSPI0_Receive_IRQHandler
                0x40002bc8                DMA0_Ch0_IRQHandler
                0x40002bc8                DMA0_Ch4_IRQHandler
                0x40002bc8                I2C_DRV_Module2IRQHandler
                0x40002bc8                SAI1_Tx_IRQHandler
                0x40002bc8                CAN7_ORed_08_11_MB_IRQHandler
                0x40002bc8                EMIOS0_14_15_IRQHandler
                0x40002bc8                PIT_Ch2_IRQHandler
                0x40002bc8                CMP0_IRQHandler
                0x40002bc8                DMA0_Ch28_IRQHandler
                0x40002bc8                CAN0_Wake_Up_IRQHandler
                0x40002bc8                STM2_Ch0_IRQHandler
                0x40002bc8                ADC0_EOC_IRQHandler
                0x40002bc8                LINFLEXD11_UART_ErrIRQHandler
                0x40002bc8                DMA0_Ch23_IRQHandler
                0x40002bc8                EMIOS0_16_17_IRQHandler
                0x40002bc8                DSPI2_Send_IRQHandler
                0x40002bc8                DMA0_Ch5_IRQHandler
                0x40002bc8                ENET1_Timer_IRQHandler
                0x40002bc8                CAN7_ORed_04_07_MB_IRQHandler
                0x40002bc8                PIT_Ch11_IRQHandler
                0x40002bc8                CAN0_Error_IRQHandler
                0x40002bc8                CAN5_ORed_08_11_MB_IRQHandler
                0x40002bc8                PIT_Ch12_IRQHandler
                0x40002bc8                CAN3_ORed_32_63_MB_IRQHandler
                0x40002bc8                ENET0_Rx_2_IRQHandler
                0x40002bc8                CAN5_ORed_IRQHandler
                0x40002bc8                LINFLEXD11_UART_RxIRQHandler
                0x40002bc8                CAN2_ORed_16_31_MB_IRQHandler
                0x40002bc8                CAN4_ORed_04_07_MB_IRQHandler
                0x40002bc8                ENET0_Tx_1_IRQHandler
                0x40002bc8                LINFLEXD15_UART_RxIRQHandler
                0x40002bc8                DSPI2_Receive_IRQHandler
                0x40002bc8                LINFLEXD1_UART_ErrIRQHandler
                0x40002bc8                EMIOS1_10_11_IRQHandler
                0x40002bc8                PIT_Ch4_IRQHandler
                0x40002bc8                EMIOS2_28_29_IRQHandler
                0x40002bc8                CAN7_ORed_00_03_MB_IRQHandler
                0x40002bc8                CAN6_ORed_08_11_MB_IRQHandler
                0x40002bc8                DSPI1_FIFO_Error_IRQHandler
                0x40002bc8                CAN2_ORed_32_63_MB_IRQHandler
                0x40002bc8                CAN1_ORed_16_31_MB_IRQHandler
                0x40002bc8                LINFLEXD13_UART_ErrIRQHandler
                0x40002bc8                LINFLEXD12_UART_TxIRQHandler
                0x40002bc8                DSPI4_FIFO_Error_IRQHandler
                0x40002bc8                CAN7_ORed_12_15_MB_IRQHandler
                0x40002bc8                IVOR15_Exception_Handler
                0x40002bc8                ENET0_Err_IRQHandler
                0x40002bc8                CAN0_ORed_04_07_MB_IRQHandler
                0x40002bc8                LINFLEXD4_UART_TxIRQHandler
                0x40002bc8                CAN4_ORed_16_31_MB_IRQHandler
                0x40002bc8                CAN3_ORed_00_03_MB_IRQHandler
                0x40002bc8                DSPI7_Receive_IRQHandler
                0x40002bc8                DMA0_Ch20_IRQHandler
                0x40002bc8                LINFLEXD8_UART_TxIRQHandler
                0x40002bc8                ADC0_ER_IRQHandler
                0x40002bc8                CAN6_ORed_04_07_MB_IRQHandler
                0x40002bc8                ENET1_Tx_1_IRQHandler
                0x40002bc8                SIUL_EIRQ_00_07_IRQHandler
                0x40002bc8                CAN3_ORed_08_11_MB_IRQHandler
                0x40002bc8                EMIOS1_04_05_IRQHandler
                0x40002bc8                STM2_Ch1_IRQHandler
                0x40002bc8                DSPI7_FIFO_Error_IRQHandler
                0x40002bc8                SIUL_EIRQ_24_31_IRQHandler
                0x40002bc8                EMIOS1_06_07_IRQHandler
                0x40002bc8                IVOR3_Exception_Handler
                0x40002bc8                LINFLEXD12_UART_ErrIRQHandler
                0x40002bc8                EMIOS1_12_13_IRQHandler
                0x40002bc8                STM1_Ch1_IRQHandler
                0x40002bc8                CAN4_Error_IRQHandler
                0x40002bc8                DMA0_Ch11_IRQHandler
                0x40002bc8                LINFLEXD7_UART_TxIRQHandler
                0x40002bc8                IVOR1_Exception_Handler
                0x40002bc8                CAN4_ORed_32_63_MB_IRQHandler
                0x40002bc8                LINFLEXD2_UART_RxIRQHandler
                0x40002bc8                I2C_DRV_Module1IRQHandler
                0x40002bc8                ENET0_Tx_IRQHandler
                0x40002bc8                DSPI8_Receive_IRQHandler
                0x40002bc8                STM1_Ch0_IRQHandler
                0x40002bc8                CMP2_IRQHandler
                0x40002bc8                EMIOS2_20_21_IRQHandler
                0x40002bc8                CAN6_ORed_64_95_MB_IRQHandler
                0x40002bc8                STM0_Ch0_IRQHandler
                0x40002bc8                CAN2_ORed_00_03_MB_IRQHandler
                0x40002bc8                LINFLEXD2_UART_ErrIRQHandler
                0x40002bc8                CAN0_ORed_32_63_MB_IRQHandler
                0x40002bc8                EMIOS2_04_05_IRQHandler
                0x40002bc8                HSM_DRV_IRQHandler
                0x40002bc8                IVOR0_Exception_Handler
                0x40002bc8                IVOR35_Exception_Handler
                0x40002bc8                LINFLEXD3_UART_TxIRQHandler
                0x40002bc8                LINFLEXD3_UART_RxIRQHandler
                0x40002bc8                PIT_RTI_IRQHandler
                0x40002bc8                IVOR8_Exception_Handler
                0x40002bc8                DSPI5_Receive_IRQHandler
                0x40002bc8                DMA0_Ch14_IRQHandler
                0x40002bc8                CAN1_Error_IRQHandler
                0x40002bc8                CAN7_ORed_16_31_MB_IRQHandler
                0x40002bc8                LINFLEXD12_UART_RxIRQHandler
                0x40002bc8                CAN4_ORed_00_03_MB_IRQHandler
                0x40002bc8                WKPU_31_24_IRQHandler
                0x40002bc8                DSPI9_Send_IRQHandler
                0x40002bc8                PIT_Ch13_IRQHandler
                0x40002bc8                LINFLEXD16_UART_TxIRQHandler
                0x40002bc8                EMIOS1_02_03_IRQHandler
                0x40002bc8                CAN0_ORed_IRQHandler
                0x40002bc8                LINFLEXD4_UART_ErrIRQHandler
                0x40002bc8                STM0_Ch2_IRQHandler
                0x40002bc8                CAN0_ORed_12_15_MB_IRQHandler
                0x40002bc8                CAN5_ORed_12_15_MB_IRQHandler
                0x40002bc8                STM0_Ch3_IRQHandler
                0x40002bc8                EMIOS0_18_19_IRQHandler
                0x40002bc8                CAN3_ORed_04_07_MB_IRQHandler
                0x40002bc8                WKPU_15_08_IRQHandler
                0x40002bc8                EMIOS0_00_01_IRQHandler
                0x40002bc8                CAN4_ORed_64_95_MB_IRQHandler
                0x40002bc8                LINFLEXD15_UART_TxIRQHandler
                0x40002bc8                LINFLEXD15_UART_ErrIRQHandler
                0x40002bc8                LINFLEXD6_UART_RxIRQHandler
                0x40002bc8                DSPI8_FIFO_Error_IRQHandler
                0x40002bc8                CAN7_ORed_32_63_MB_IRQHandler
                0x40002bc8                RTC0_IRQHandler
                0x40002bc8                LINFLEXD0_UART_RxIRQHandler
                0x40002bc8                DMA0_Ch25_IRQHandler
                0x40002bc8                LINFLEXD17_UART_ErrIRQHandler
                0x40002bc8                DSPI3_FIFO_Error_IRQHandler
                0x40002bc8                EMIOS2_18_19_IRQHandler
                0x40002bc8                LINFLEXD8_UART_RxIRQHandler
                0x40002bc8                I2C_DRV_Module0IRQHandler
                0x40002bc8                LINFLEXD7_UART_ErrIRQHandler
                0x40002bc8                EMIOS0_20_21_IRQHandler
                0x40002bc8                LINFLEXD17_UART_TxIRQHandler
                0x40002bc8                USBHS_IRQHandler
                0x40002bc8                I2C_DRV_Module3IRQHandler
                0x40002bc8                EMIOS1_24_25_IRQHandler
                0x40002bc8                CAN7_ORed_64_95_MB_IRQHandler
                0x40002bc8                DMA0_Ch1_IRQHandler
                0x40002bc8                DMA0_Ch29_IRQHandler
                0x40002bc8                EMIOS2_02_03_IRQHandler
                0x40002bc8                DSPI7_Send_IRQHandler
                0x40002bc8                DMA0_Ch15_IRQHandler
                0x40002bc8                STM1_Ch3_IRQHandler
                0x40002bc8                PIT_Ch6_IRQHandler
                0x40002bc8                IVOR6_Exception_Handler
                0x40002bc8                CAN0_ORed_00_03_MB_IRQHandler
                0x40002bc8                DMA0_Ch0_Ch31_Error_IRQHandler
                0x40002bc8                LINFLEXD9_UART_RxIRQHandler
                0x40002bc8                EMIOS2_10_11_IRQHandler
                0x40002bc8                PIT_Ch9_IRQHandler
                0x40002bc8                SIUL_EIRQ_08_15_IRQHandler
                0x40002bc8                ENET1_Rx_1_IRQHandler
                0x40002bc8                CAN5_ORed_32_63_MB_IRQHandler
                0x40002bc8                CAN2_ORed_IRQHandler
                0x40002bc8                FLASH_Done_IRQHandler
                0x40002bc8                LINFLEXD16_UART_RxIRQHandler
                0x40002bc8                CAN6_ORed_00_03_MB_IRQHandler
                0x40002bc8                EMIOS2_12_13_IRQHandler
                0x40002bc8                LINFLEXD5_UART_TxIRQHandler
                0x40002bc8                DMA0_Ch21_IRQHandler
                0x40002bc8                CAN7_Error_IRQHandler
                0x40002bc8                DSPI4_Receive_IRQHandler
                0x40002bc8                EMIOS0_26_27_IRQHandler
                0x40002bc8                CAN3_ORed_64_95_MB_IRQHandler
                0x40002bc8                DMA0_Ch8_IRQHandler
                0x40002bc8                PIT_Ch3_IRQHandler
                0x40002bc8                EMIOS1_08_09_IRQHandler
                0x40002bc8                DSPI8_Send_IRQHandler
                0x40002bc8                API0_IRQHandler
                0x40002bc8                EMIOS2_06_07_IRQHandler
                0x40002bc8                ENET1_Parser_IRQHandler
                0x40002bc8                EMIOS0_04_05_IRQHandler
                0x40002bc8                STM1_Ch2_IRQHandler
                0x40002bc8                CAN2_ORed_64_95_MB_IRQHandler
                0x40002bc8                CAN1_ORed_08_11_MB_IRQHandler
                0x40002bc8                CAN6_ORed_IRQHandler
                0x40002bc8                LINFLEXD6_UART_TxIRQHandler
                0x40002bc8                LINFLEXD1_UART_TxIRQHandler
                0x40002bc8                ENET1_Err_IRQHandler
                0x40002bc8                DMA0_Ch26_IRQHandler
                0x40002bc8                DMA0_Ch19_IRQHandler
                0x40002bc8                CAN0_ORed_08_11_MB_IRQHandler
                0x40002bc8                CAN6_Error_IRQHandler
                0x40002bc8                EMIOS1_16_17_IRQHandler
                0x40002bc8                SWT1_IRQHandler
                0x40002bc8                EMIOS2_24_25_IRQHandler
                0x40002bc8                CAN2_ORed_08_11_MB_IRQHandler
                0x40002bc8                LINFLEXD4_UART_RxIRQHandler
                0x40002bc8                DSPI6_FIFO_Error_IRQHandler
                0x40002bc8                CAN3_ORed_12_15_MB_IRQHandler
                0x40002bc8                EMIOS2_08_09_IRQHandler
                0x40002bc8                CAN0_ORed_64_95_MB_IRQHandler
                0x40002bc8                CMP1_IRQHandler
                0x40002bc8                CAN1_ORed_04_07_MB_IRQHandler
                0x40002bc8                EMIOS2_22_23_IRQHandler
                0x40002bc8                SAI1_Rx_IRQHandler
                0x40002bc8                EMIOS2_30_31_IRQHandler
                0x40002bc8                EMIOS1_20_21_IRQHandler
                0x40002bc8                CAN0_ORed_16_31_MB_IRQHandler
                0x40002bc8                EMIOS0_28_29_IRQHandler
                0x40002bc8                DMA0_Ch12_IRQHandler
                0x40002bc8                uSDHC_DriverIRQHandler
                0x40002bc8                PIT_Ch8_IRQHandler
                0x40002bc8                CAN4_ORed_08_11_MB_IRQHandler
                0x40002bc8                EMIOS0_02_03_IRQHandler
                0x40002bc8                CAN6_ORed_32_63_MB_IRQHandler
                0x40002bc8                EMIOS0_06_07_IRQHandler
                0x40002bc8                DefaultISR
                0x40002bc8                CAN1_ORed_32_63_MB_IRQHandler
                0x40002bc8                DMA0_Ch18_IRQHandler
                0x40002bc8                EMIOS2_16_17_IRQHandler
                0x40002bc8                ENET1_Tx_2_IRQHandler
                0x40002bc8                EMIOS2_14_15_IRQHandler
                0x40002bc8                EMIOS1_18_19_IRQHandler
                0x40002bc8                EMIOS1_22_23_IRQHandler
                0x40002bc8                CAN6_ORed_16_31_MB_IRQHandler
                0x40002bc8                DSPI1_Receive_IRQHandler
                0x40002bc8                DMA0_Ch22_IRQHandler
                0x40002bc8                EMIOS0_08_09_IRQHandler
                0x40002bc8                CAN6_ORed_12_15_MB_IRQHandler
                0x40002bc8                ENET0_Timer_IRQHandler
                0x40002bc8                ADC1_EOC_IRQHandler
                0x40002bc8                LINFLEXD1_UART_RxIRQHandler
                0x40002bc8                CAN5_ORed_16_31_MB_IRQHandler
                0x40002bc8                BCTU_ConvUpdate_IRQHandler
                0x40002bc8                WKPU_07_00_IRQHandler
                0x40002bc8                FCCU0_IRQ_Handler
                0x40002bc8                STM0_Ch1_IRQHandler
                0x40002bc8                LINFLEXD8_UART_ErrIRQHandler
                0x40002bc8                DSPI5_Send_IRQHandler
                0x40002bc8                CAN3_ORed_IRQHandler
                0x40002bcc                __interrupts_end__ = .
                0x00000000                __RAM_VECTOR_TABLE_SIZE = 0x0
                0x40002000                __VECTOR_TABLE_COPY_END = (__VECTOR_TABLE + __RAM_VECTOR_TABLE_SIZE)
                0x00000000                __CUSTOM_ROM = 0x0
                0x00000000                __CUSTOM_END = 0x0

.customSectionBlock
                0x40002bcc        0x0
                0x40002bcc                . = ALIGN (0x4)
                0x40002bcc                __CUSTOM_RAM = .
                0x40002bcc                __customSectionStart = .
                0x40002bcc                __customSection_start__ = .
 *(.customSection)
                0x40002bcc                __customSection_end__ = .
                0x40002bcc                __customSectionEnd = .

.text           0x40002bd0      0x960
 *(.text.startup)
 *(.text)
 .text          0x40002bd0      0x16c c:/nxp/s32ds_power_v2.1/s32ds/build_tools/powerpc-eabivle-4_9/bin/../lib/gcc/powerpc-eabivle/4.9.4/e200z4/fp/crtbegin.o
 *fill*         0x40002d3c        0x4 
 .text          0x40002d40      0x2f6 ./Project_Settings/Startup_Code/core0_intc_sw_handlers.o
                0x40002d80                IVOR0_Handler
                0x40002dae                IVOR1_Handler
                0x40002dfc                IVOR2_Handler
                0x40002e36                IVOR3_Handler
                0x40002e70                IVOR4_Handler
                0x40002eb8                IVOR5_Handler
                0x40002ef2                IVOR6_Handler
                0x40002f2c                IVOR8_Handler
                0x40002f66                IVOR15_Handler
                0x40002f94                IVOR33_Handler
                0x40002fce                IVOR34_Handler
                0x40003008                IVOR35_Handler
 .text          0x40003036       0x4a c:/nxp/s32ds_power_v2.1/s32ds/build_tools/powerpc-eabivle-4_9/bin/../lib/gcc/powerpc-eabivle/4.9.4/e200z4/fp\libgcc.a(eabivle.o)
                0x40003036                __eabi
 .text          0x40003080       0x48 c:/nxp/s32ds_power_v2.1/s32ds/build_tools/powerpc-eabivle-4_9/bin/../lib/gcc/powerpc-eabivle/4.9.4/e200z4/fp/crtend.o
 *(.text.*)
 .text.SystemInit
                0x400030c8       0xb6 ./SDK/platform/devices/MPC5748G/startup/system_MPC5748G.o
                0x400030c8                SystemInit
 *fill*         0x4000317e        0x2 
 .text.init_data_bss
                0x40003180       0xb8 ./SDK/platform/devices/startup.o
                0x40003180                init_data_bss
 .text.INT_SYS_InstallHandler
                0x40003238       0x28 ./SDK/platform/drivers/src/interrupt/interrupt_manager_MPC57xx.o
                0x40003238                INT_SYS_InstallHandler
 .text.INT_SYS_EnableIRQ
                0x40003260       0x2e ./SDK/platform/drivers/src/interrupt/interrupt_manager_MPC57xx.o
                0x40003260                INT_SYS_EnableIRQ
 *fill*         0x4000328e        0x2 
 .text.PINS_DRV_Init
                0x40003290       0x38 ./SDK/platform/drivers/src/pins/siul2/pins_siul2_driver.o
                0x40003290                PINS_DRV_Init
 .text.PINS_DRV_WritePin
                0x400032c8       0x1e ./SDK/platform/drivers/src/pins/siul2/pins_siul2_driver.o
                0x400032c8                PINS_DRV_WritePin
 *fill*         0x400032e6        0x2 
 .text.PINS_DRV_TogglePins
                0x400032e8       0x4c ./SDK/platform/drivers/src/pins/siul2/pins_siul2_driver.o
                0x400032e8                PINS_DRV_TogglePins
 .text.PINS_Init
                0x40003334      0x144 ./SDK/platform/drivers/src/pins/siul2/siul2_hw_access.o
                0x40003334                PINS_Init
 .text.sw4_RE_isr
                0x40003478       0x20 ./Sources/main.o
                0x40003478                sw4_RE_isr
 .text.main     0x40003498       0x56 ./Sources/main.o
                0x40003498                main
 *(.init)
 *fill*         0x400034ee        0x2 
 .init          0x400034f0        0xc c:/nxp/s32ds_power_v2.1/s32ds/build_tools/powerpc-eabivle-4_9/bin/../lib/gcc/powerpc-eabivle/4.9.4/e200z4/fp/ecrti.o
                0x400034f0                __init
 .init          0x400034fc        0x4 c:/nxp/s32ds_power_v2.1/s32ds/build_tools/powerpc-eabivle-4_9/bin/../lib/gcc/powerpc-eabivle/4.9.4/e200z4/fp/crtbegin.o
 .init          0x40003500        0x4 c:/nxp/s32ds_power_v2.1/s32ds/build_tools/powerpc-eabivle-4_9/bin/../lib/gcc/powerpc-eabivle/4.9.4/e200z4/fp/crtend.o
 .init          0x40003504        0xa c:/nxp/s32ds_power_v2.1/s32ds/build_tools/powerpc-eabivle-4_9/bin/../lib/gcc/powerpc-eabivle/4.9.4/e200z4/fp/ecrtn.o
 *(.fini)
 *fill*         0x4000350e        0x2 
 .fini          0x40003510        0xc c:/nxp/s32ds_power_v2.1/s32ds/build_tools/powerpc-eabivle-4_9/bin/../lib/gcc/powerpc-eabivle/4.9.4/e200z4/fp/ecrti.o
                0x40003510                __fini
 .fini          0x4000351c        0x4 c:/nxp/s32ds_power_v2.1/s32ds/build_tools/powerpc-eabivle-4_9/bin/../lib/gcc/powerpc-eabivle/4.9.4/e200z4/fp/crtbegin.o
 .fini          0x40003520        0xa c:/nxp/s32ds_power_v2.1/s32ds/build_tools/powerpc-eabivle-4_9/bin/../lib/gcc/powerpc-eabivle/4.9.4/e200z4/fp/ecrtn.o
 *(.rchw)
 *(.cpu0_reset_vector)
 *(.cpu1_reset_vector)
 *(.cpu2_reset_vector)
                0x40003530                . = ALIGN (0x10)
 *fill*         0x4000352a        0x6 

.glink          0x40003530        0x0
 .glink         0x40003530        0x0 c:/nxp/s32ds_power_v2.1/s32ds/build_tools/powerpc-eabivle-4_9/bin/../lib/gcc/powerpc-eabivle/4.9.4/e200z4/fp/crtbegin.o

.sdata2         0x40003530        0x0
                0x40003530                . = ALIGN (0x4)
                0x40003530                __sdata2_start__ = .
 *(.sdata2)
 .sdata2        0x40003530        0x0 c:/nxp/s32ds_power_v2.1/s32ds/build_tools/powerpc-eabivle-4_9/bin/../lib/gcc/powerpc-eabivle/4.9.4/e200z4/fp/ecrti.o
                0x40003530                __SDATA2_START__
 .sdata2        0x40003530        0x0 c:/nxp/s32ds_power_v2.1/s32ds/build_tools/powerpc-eabivle-4_9/bin/../lib/gcc/powerpc-eabivle/4.9.4/e200z4/fp/crtbegin.o
                0x4000b530                _SDA2_BASE_
 *(.sdata2.*)
                0x40003530                . = ALIGN (0x4)
                0x40003530                __sdata2_end__ = .

.preinit_array  0x40003530        0x0
                [!provide]                PROVIDE (__preinit_array_start, .)
 *(.preinit_array)
                [!provide]                PROVIDE (__preinit_array_end, .)

.init_array     0x40003530        0x0
                [!provide]                PROVIDE (__init_array_start, .)
 *(SORT(.init_array.*))
 *(.init_array)
                [!provide]                PROVIDE (__init_array_end, .)

.fini_array     0x40003530        0x0
                [!provide]                PROVIDE (__fini_array_start, .)
 *(SORT(.fini_array.*))
 *(.fini_array)
                [!provide]                PROVIDE (__fini_array_end, .)

.dtors          0x40003530        0x8
 *crtbegin.o(.dtors)
 .dtors         0x40003530        0x4 c:/nxp/s32ds_power_v2.1/s32ds/build_tools/powerpc-eabivle-4_9/bin/../lib/gcc/powerpc-eabivle/4.9.4/e200z4/fp/crtbegin.o
 *crtbegin?.o(.dtors)
 *(EXCLUDE_FILE(*crtend?.o *crtend.o) .dtors)
 .dtors         0x40003534        0x0 c:/nxp/s32ds_power_v2.1/s32ds/build_tools/powerpc-eabivle-4_9/bin/../lib/gcc/powerpc-eabivle/4.9.4/e200z4/fp/ecrti.o
                0x40003534                __DTOR_LIST__
 .dtors         0x40003534        0x0 c:/nxp/s32ds_power_v2.1/s32ds/build_tools/powerpc-eabivle-4_9/bin/../lib/gcc/powerpc-eabivle/4.9.4/e200z4/fp/ecrtn.o
 *(SORT(.dtors.*))
 *(.dtors)
 .dtors         0x40003534        0x4 c:/nxp/s32ds_power_v2.1/s32ds/build_tools/powerpc-eabivle-4_9/bin/../lib/gcc/powerpc-eabivle/4.9.4/e200z4/fp/crtend.o
                0x40003534                __DTOR_END__

.ctors          0x40003538        0x8
 *crtbegin.o(.ctors)
 .ctors         0x40003538        0x4 c:/nxp/s32ds_power_v2.1/s32ds/build_tools/powerpc-eabivle-4_9/bin/../lib/gcc/powerpc-eabivle/4.9.4/e200z4/fp/crtbegin.o
 *crtbegin?.o(.ctors)
 *(EXCLUDE_FILE(*crtend?.o *crtend.o) .ctors)
 .ctors         0x4000353c        0x0 c:/nxp/s32ds_power_v2.1/s32ds/build_tools/powerpc-eabivle-4_9/bin/../lib/gcc/powerpc-eabivle/4.9.4/e200z4/fp/ecrti.o
                0x4000353c                __CTOR_LIST__
 .ctors         0x4000353c        0x0 c:/nxp/s32ds_power_v2.1/s32ds/build_tools/powerpc-eabivle-4_9/bin/../lib/gcc/powerpc-eabivle/4.9.4/e200z4/fp/ecrtn.o
                0x4000353c                __CTOR_END__
 *(SORT(.ctors.*))
 *(.ctors)
 .ctors         0x4000353c        0x4 c:/nxp/s32ds_power_v2.1/s32ds/build_tools/powerpc-eabivle-4_9/bin/../lib/gcc/powerpc-eabivle/4.9.4/e200z4/fp/crtend.o
                0x00000000                __CODE_ROM = 0x0
                0x00000000                __CODE_END = 0x0

.code_ram       0x40003540        0x0
                0x40003540                . = ALIGN (0x4)
                0x40003540                __CODE_RAM = .
                0x40003540                __code_ram_start__ = .
 *(.code_ram)
                0x40003540                __code_ram_end__ = .
                0x40003540                . = ALIGN (0x4)

.rodata         0x40003540        0xc
 *(.rodata)
 *(.rodata.*)
 .rodata.s_vectors
                0x40003540        0xc ./SDK/platform/devices/startup.o

.sbss2          0x4000354c        0x0
 .sbss2         0x4000354c        0x0 c:/nxp/s32ds_power_v2.1/s32ds/build_tools/powerpc-eabivle-4_9/bin/../lib/gcc/powerpc-eabivle/4.9.4/e200z4/fp/ecrtn.o

.eh_frame_hdr
 *(.eh_frame_hdr)

.eh_frame       0x4000354c        0x8
 *(.eh_frame)
 .eh_frame      0x4000354c        0x0 c:/nxp/s32ds_power_v2.1/s32ds/build_tools/powerpc-eabivle-4_9/bin/../lib/gcc/powerpc-eabivle/4.9.4/e200z4/fp/ecrti.o
                0x4000354c                __EH_FRAME_BEGIN__
 .eh_frame      0x4000354c        0x0 c:/nxp/s32ds_power_v2.1/s32ds/build_tools/powerpc-eabivle-4_9/bin/../lib/gcc/powerpc-eabivle/4.9.4/e200z4/fp/crtbegin.o
 .eh_frame      0x4000354c        0x0 c:/nxp/s32ds_power_v2.1/s32ds/build_tools/powerpc-eabivle-4_9/bin/../lib/gcc/powerpc-eabivle/4.9.4/e200z4/fp/crtbegin.o
 .eh_frame      0x4000354c        0x4 c:/nxp/s32ds_power_v2.1/s32ds/build_tools/powerpc-eabivle-4_9/bin/../lib/gcc/powerpc-eabivle/4.9.4/e200z4/fp/crtend.o
 .eh_frame      0x40003550        0x4 c:/nxp/s32ds_power_v2.1/s32ds/build_tools/powerpc-eabivle-4_9/bin/../lib/gcc/powerpc-eabivle/4.9.4/e200z4/fp/ecrtn.o
                0x40003550                __EH_FRAME_END__

.init_table     0x40003554       0x40
                0x40003554                . = ALIGN (0x4)
                0x40003554                __COPY_TABLE = .
 *(.init_table)
 .init_table    0x40003554       0x40 ./Project_Settings/Startup_Code/startup_MPC5748G.o

.zero_table     0x40003594       0x14
                0x40003594                . = ALIGN (0x4)
                0x40003594                __ZERO_TABLE = .
 *(.zero_table)
 .zero_table    0x40003594       0x14 ./Project_Settings/Startup_Code/startup_MPC5748G.o
                0x400035a8                __TEXT_END = .
                0x00000000                __DATA_ROM = 0x0
                0x00000000                __DATA_END = 0x0

.rela.dyn       0x400035a8        0x0
 .rela.iplt     0x400035a8        0x0 c:/nxp/s32ds_power_v2.1/s32ds/build_tools/powerpc-eabivle-4_9/bin/../lib/gcc/powerpc-eabivle/4.9.4/e200z4/fp/crtbegin.o
 .rela.text     0x400035a8        0x0 c:/nxp/s32ds_power_v2.1/s32ds/build_tools/powerpc-eabivle-4_9/bin/../lib/gcc/powerpc-eabivle/4.9.4/e200z4/fp/crtbegin.o
 .rela.init_table
                0x400035a8        0x0 c:/nxp/s32ds_power_v2.1/s32ds/build_tools/powerpc-eabivle-4_9/bin/../lib/gcc/powerpc-eabivle/4.9.4/e200z4/fp/crtbegin.o
 .rela.zero_table
                0x400035a8        0x0 c:/nxp/s32ds_power_v2.1/s32ds/build_tools/powerpc-eabivle-4_9/bin/../lib/gcc/powerpc-eabivle/4.9.4/e200z4/fp/crtbegin.o
 .rela.cpu0_reset_vector
                0x400035a8        0x0 c:/nxp/s32ds_power_v2.1/s32ds/build_tools/powerpc-eabivle-4_9/bin/../lib/gcc/powerpc-eabivle/4.9.4/e200z4/fp/crtbegin.o
 .rela.intc_vector_table
                0x400035a8        0x0 c:/nxp/s32ds_power_v2.1/s32ds/build_tools/powerpc-eabivle-4_9/bin/../lib/gcc/powerpc-eabivle/4.9.4/e200z4/fp/crtbegin.o
 .rela.text.init_data_bss
                0x400035a8        0x0 c:/nxp/s32ds_power_v2.1/s32ds/build_tools/powerpc-eabivle-4_9/bin/../lib/gcc/powerpc-eabivle/4.9.4/e200z4/fp/crtbegin.o
 .rela.text.INT_SYS_InstallHandler
                0x400035a8        0x0 c:/nxp/s32ds_power_v2.1/s32ds/build_tools/powerpc-eabivle-4_9/bin/../lib/gcc/powerpc-eabivle/4.9.4/e200z4/fp/crtbegin.o
 .rela.got2     0x400035a8        0x0 c:/nxp/s32ds_power_v2.1/s32ds/build_tools/powerpc-eabivle-4_9/bin/../lib/gcc/powerpc-eabivle/4.9.4/e200z4/fp/crtbegin.o

.data           0x400035a8      0x10c
                0x400035a8                . = ALIGN (0x4)
                0x400035a8                __DATA_RAM = .
                0x400035a8                __data_start__ = .
 *(.data)
 .data          0x400035a8        0x4 c:/nxp/s32ds_power_v2.1/s32ds/build_tools/powerpc-eabivle-4_9/bin/../lib/gcc/powerpc-eabivle/4.9.4/e200z4/fp\libgcc.a(eabivle.o)
 *(.data.*)
 .data.g_pin_mux_InitConfigArr
                0x400035ac      0x108 ./Generated_Code/pin_mux.o
                0x400035ac                g_pin_mux_InitConfigArr
                0x400036b4                . = ALIGN (0x4)
                0x400036b4                __data_end__ = .
                0x00000000                __SDATA_ROM = 0x0
                0x00000000                __SDATA_END = 0x0

.jcr            0x400036b4        0x0
 .jcr           0x400036b4        0x0 c:/nxp/s32ds_power_v2.1/s32ds/build_tools/powerpc-eabivle-4_9/bin/../lib/gcc/powerpc-eabivle/4.9.4/e200z4/fp/crtbegin.o

.tm_clone_table
                0x400036b4        0x0
 .tm_clone_table
                0x400036b4        0x0 c:/nxp/s32ds_power_v2.1/s32ds/build_tools/powerpc-eabivle-4_9/bin/../lib/gcc/powerpc-eabivle/4.9.4/e200z4/fp/crtbegin.o
 .tm_clone_table
                0x400036b4        0x0 c:/nxp/s32ds_power_v2.1/s32ds/build_tools/powerpc-eabivle-4_9/bin/../lib/gcc/powerpc-eabivle/4.9.4/e200z4/fp/crtend.o

.got2           0x400036b4       0x1c
 .got2          0x400036b4       0x1c c:/nxp/s32ds_power_v2.1/s32ds/build_tools/powerpc-eabivle-4_9/bin/../lib/gcc/powerpc-eabivle/4.9.4/e200z4/fp\libgcc.a(eabivle.o)

.sdata          0x400036d0        0x0
                0x400036d0                . = ALIGN (0x4)
                0x400036d0                __SDATA_RAM = .
                0x400036d0                __sdata_start__ = .
 *(.sdata)
 .sdata         0x400036d0        0x0 c:/nxp/s32ds_power_v2.1/s32ds/build_tools/powerpc-eabivle-4_9/bin/../lib/gcc/powerpc-eabivle/4.9.4/e200z4/fp/ecrti.o
                0x400036d0                __SDATA_START__
 .sdata         0x400036d0        0x0 c:/nxp/s32ds_power_v2.1/s32ds/build_tools/powerpc-eabivle-4_9/bin/../lib/gcc/powerpc-eabivle/4.9.4/e200z4/fp/crtbegin.o
                0x4000b6d0                _SDA_BASE_
 *(.sdata.*)
                0x400036d0                . = ALIGN (0x4)
                0x400036d0                __sdata_end__ = .

.sbss           0x400036d0        0x4
                0x400036d0                . = ALIGN (0x4)
                0x400036d0                __SBSS_START = .
                0x400036d0                __sbss_start__ = .
 *(.sbss)
 .sbss          0x400036d0        0x0 c:/nxp/s32ds_power_v2.1/s32ds/build_tools/powerpc-eabivle-4_9/bin/../lib/gcc/powerpc-eabivle/4.9.4/e200z4/fp/ecrtn.o
                0x400036d0                __SBSS_END__
 *(.sbss.*)
 .sbss.exit_code
                0x400036d0        0x4 ./Sources/main.o
                0x400036d0                exit_code
                0x400036d4                . = ALIGN (0x4)
                0x400036d4                __sbss_end__ = .
                0x400036d4                __SBSS_END = .

.bss            0x400036d4       0x20
                0x400036d4                . = ALIGN (0x4)
                0x400036d4                __BSS_START = .
                0x400036d4                __bss_start__ = .
 *(.bss)
 .bss           0x400036d4       0x20 c:/nxp/s32ds_power_v2.1/s32ds/build_tools/powerpc-eabivle-4_9/bin/../lib/gcc/powerpc-eabivle/4.9.4/e200z4/fp/crtbegin.o
 *(.bss.*)
 *(COMMON)
                0x400036f4                . = ALIGN (0x4)
                0x400036f4                __bss_end__ = .
                0x400036f4                __BSS_END = .

.iplt           0x40003700        0x0
 .iplt          0x40003700        0x0 c:/nxp/s32ds_power_v2.1/s32ds/build_tools/powerpc-eabivle-4_9/bin/../lib/gcc/powerpc-eabivle/4.9.4/e200z4/fp/crtbegin.o

.stack          0x40003700     0x1000
                0x40003700                __HEAP = .
                [!provide]                PROVIDE (_end, .)
                [!provide]                PROVIDE (end, .)
                0x40003700                . = (. + __HEAP_SIZE)
                0x40003700                __HEAP_END = .
                0x40003700                _stack_end = .
                0x40004700                . = (. + __STACK_SIZE)
 *fill*         0x40003700     0x1000 
                0x40004700                . = ALIGN (0x4)
                0x40004700                _stack_addr = .
                0x40004700                __SP_INIT = .
                0x0003c930                __SRAM_SIZE = (SRAM_SIZE - (__sdata_end__ - SRAM_BASE_ADDR))
                0x400036d0                __SRAM_BASE_ADDR = __sdata_end__
                0x00000020                __BSS_SIZE = (__BSS_END - __BSS_START)
OUTPUT(interrupt_Z4_0.elf elf32-powerpc)

.comment        0x00000000       0x9c
 .comment       0x00000000        0xd c:/nxp/s32ds_power_v2.1/s32ds/build_tools/powerpc-eabivle-4_9/bin/../lib/gcc/powerpc-eabivle/4.9.4/e200z4/fp/ecrti.o
                                  0xe (size before relaxing)
 .comment       0x0000000d       0x82 c:/nxp/s32ds_power_v2.1/s32ds/build_tools/powerpc-eabivle-4_9/bin/../lib/gcc/powerpc-eabivle/4.9.4/e200z4/fp/crtbegin.o
                                 0x83 (size before relaxing)
 .comment       0x0000008f       0x83 ./Generated_Code/pin_mux.o
 .comment       0x0000008f       0x83 ./SDK/platform/devices/MPC5748G/startup/system_MPC5748G.o
 .comment       0x0000008f       0x83 ./SDK/platform/devices/startup.o
 .comment       0x0000008f       0x83 ./SDK/platform/drivers/src/clock/MPC57xx/clock_MPC57xx.o
 .comment       0x0000008f       0x83 ./SDK/platform/drivers/src/interrupt/interrupt_manager_MPC57xx.o
 .comment       0x0000008f       0x83 ./SDK/platform/drivers/src/pins/siul2/pins_siul2_driver.o
 .comment       0x0000008f       0x83 ./SDK/platform/drivers/src/pins/siul2/siul2_hw_access.o
 .comment       0x0000008f       0x83 ./Sources/main.o
 .comment       0x0000008f       0x83 c:/nxp/s32ds_power_v2.1/s32ds/build_tools/powerpc-eabivle-4_9/bin/../lib/gcc/powerpc-eabivle/4.9.4/e200z4/fp/crtend.o
 .comment       0x0000008f        0xd c:/nxp/s32ds_power_v2.1/s32ds/build_tools/powerpc-eabivle-4_9/bin/../lib/gcc/powerpc-eabivle/4.9.4/e200z4/fp/ecrtn.o
                                  0xe (size before relaxing)

.PPC.EMB.apuinfo
                0x00000000       0x1c
 .PPC.EMB.apuinfo
                0x00000000       0x18 c:/nxp/s32ds_power_v2.1/s32ds/build_tools/powerpc-eabivle-4_9/bin/../lib/gcc/powerpc-eabivle/4.9.4/e200z4/fp/ecrti.o
 .PPC.EMB.apuinfo
                0x00000018       0x18 c:/nxp/s32ds_power_v2.1/s32ds/build_tools/powerpc-eabivle-4_9/bin/../lib/gcc/powerpc-eabivle/4.9.4/e200z4/fp/crtbegin.o
 .PPC.EMB.apuinfo
                0x00000030       0x1c ./Project_Settings/Startup_Code/core0_intc_sw_handlers.o
 .PPC.EMB.apuinfo
                0x0000004c       0x18 ./Project_Settings/Startup_Code/interrupt_vectors.o
 .PPC.EMB.apuinfo
                0x00000064       0x18 ./Project_Settings/Startup_Code/startup_MPC5748G.o
 .PPC.EMB.apuinfo
                0x0000007c       0x18 ./SDK/platform/devices/MPC5748G/startup/system_MPC5748G.o
 .PPC.EMB.apuinfo
                0x00000094       0x18 ./SDK/platform/devices/startup.o
 .PPC.EMB.apuinfo
                0x000000ac       0x18 ./SDK/platform/drivers/src/clock/MPC57xx/clock_MPC57xx.o
 .PPC.EMB.apuinfo
                0x000000c4       0x18 ./SDK/platform/drivers/src/interrupt/interrupt_manager_MPC57xx.o
 .PPC.EMB.apuinfo
                0x000000dc       0x18 ./SDK/platform/drivers/src/pins/siul2/pins_siul2_driver.o
 .PPC.EMB.apuinfo
                0x000000f4       0x18 ./SDK/platform/drivers/src/pins/siul2/siul2_hw_access.o
 .PPC.EMB.apuinfo
                0x0000010c       0x18 ./Sources/main.o
 .PPC.EMB.apuinfo
                0x00000124       0x18 c:/nxp/s32ds_power_v2.1/s32ds/build_tools/powerpc-eabivle-4_9/bin/../lib/gcc/powerpc-eabivle/4.9.4/e200z4/fp\libgcc.a(eabivle.o)
 .PPC.EMB.apuinfo
                0x0000013c       0x18 c:/nxp/s32ds_power_v2.1/s32ds/build_tools/powerpc-eabivle-4_9/bin/../lib/gcc/powerpc-eabivle/4.9.4/e200z4/fp/crtend.o
 .PPC.EMB.apuinfo
                0x00000154       0x18 c:/nxp/s32ds_power_v2.1/s32ds/build_tools/powerpc-eabivle-4_9/bin/../lib/gcc/powerpc-eabivle/4.9.4/e200z4/fp/ecrtn.o

.debug_info     0x00000000     0xd5b2
 .debug_info    0x00000000      0x781 ./Generated_Code/pin_mux.o
 .debug_info    0x00000781       0xab ./Project_Settings/Startup_Code/core0_intc_sw_handlers.o
 .debug_info    0x0000082c       0xa6 ./Project_Settings/Startup_Code/interrupt_vectors.o
 .debug_info    0x000008d2       0xa1 ./Project_Settings/Startup_Code/startup_MPC5748G.o
 .debug_info    0x00000973     0x16b3 ./SDK/platform/devices/MPC5748G/startup/system_MPC5748G.o
 .debug_info    0x00002026      0x397 ./SDK/platform/devices/startup.o
 .debug_info    0x000023bd     0x6686 ./SDK/platform/drivers/src/clock/MPC57xx/clock_MPC57xx.o
 .debug_info    0x00008a43     0x159a ./SDK/platform/drivers/src/interrupt/interrupt_manager_MPC57xx.o
 .debug_info    0x00009fdd     0x148b ./SDK/platform/drivers/src/pins/siul2/pins_siul2_driver.o
 .debug_info    0x0000b468      0x8b2 ./SDK/platform/drivers/src/pins/siul2/siul2_hw_access.o
 .debug_info    0x0000bd1a     0x1898 ./Sources/main.o

.debug_abbrev   0x00000000     0x1059
 .debug_abbrev  0x00000000      0x10c ./Generated_Code/pin_mux.o
 .debug_abbrev  0x0000010c       0x14 ./Project_Settings/Startup_Code/core0_intc_sw_handlers.o
 .debug_abbrev  0x00000120       0x14 ./Project_Settings/Startup_Code/interrupt_vectors.o
 .debug_abbrev  0x00000134       0x12 ./Project_Settings/Startup_Code/startup_MPC5748G.o
 .debug_abbrev  0x00000146      0x155 ./SDK/platform/devices/MPC5748G/startup/system_MPC5748G.o
 .debug_abbrev  0x0000029b      0x133 ./SDK/platform/devices/startup.o
 .debug_abbrev  0x000003ce      0x3b4 ./SDK/platform/drivers/src/clock/MPC57xx/clock_MPC57xx.o
 .debug_abbrev  0x00000782      0x250 ./SDK/platform/drivers/src/interrupt/interrupt_manager_MPC57xx.o
 .debug_abbrev  0x000009d2      0x2eb ./SDK/platform/drivers/src/pins/siul2/pins_siul2_driver.o
 .debug_abbrev  0x00000cbd      0x1c2 ./SDK/platform/drivers/src/pins/siul2/siul2_hw_access.o
 .debug_abbrev  0x00000e7f      0x1da ./Sources/main.o

.debug_aranges  0x00000000      0x2b8
 .debug_aranges
                0x00000000       0x18 ./Generated_Code/pin_mux.o
 .debug_aranges
                0x00000018       0x20 ./Project_Settings/Startup_Code/core0_intc_sw_handlers.o
 .debug_aranges
                0x00000038       0x20 ./Project_Settings/Startup_Code/interrupt_vectors.o
 .debug_aranges
                0x00000058       0x28 ./Project_Settings/Startup_Code/startup_MPC5748G.o
 .debug_aranges
                0x00000080       0x30 ./SDK/platform/devices/MPC5748G/startup/system_MPC5748G.o
 .debug_aranges
                0x000000b0       0x20 ./SDK/platform/devices/startup.o
 .debug_aranges
                0x000000d0       0x78 ./SDK/platform/drivers/src/clock/MPC57xx/clock_MPC57xx.o
 .debug_aranges
                0x00000148       0x80 ./SDK/platform/drivers/src/interrupt/interrupt_manager_MPC57xx.o
 .debug_aranges
                0x000001c8       0xa0 ./SDK/platform/drivers/src/pins/siul2/pins_siul2_driver.o
 .debug_aranges
                0x00000268       0x28 ./SDK/platform/drivers/src/pins/siul2/siul2_hw_access.o
 .debug_aranges
                0x00000290       0x28 ./Sources/main.o

.debug_macro    0x00000000      0xd3c
 .debug_macro   0x00000000      0x162 ./Generated_Code/pin_mux.o
 .debug_macro   0x00000162      0x10a ./SDK/platform/devices/MPC5748G/startup/system_MPC5748G.o
 .debug_macro   0x0000026c       0x22 ./SDK/platform/devices/MPC5748G/startup/system_MPC5748G.o
 .debug_macro   0x0000028e      0x13b ./SDK/platform/devices/startup.o
 .debug_macro   0x000003c9       0x58 ./SDK/platform/devices/startup.o
 .debug_macro   0x00000421      0x186 ./SDK/platform/drivers/src/clock/MPC57xx/clock_MPC57xx.o
 .debug_macro   0x000005a7       0x28 ./SDK/platform/drivers/src/clock/MPC57xx/clock_MPC57xx.o
 .debug_macro   0x000005cf      0x159 ./SDK/platform/drivers/src/interrupt/interrupt_manager_MPC57xx.o
 .debug_macro   0x00000728      0x1af ./SDK/platform/drivers/src/interrupt/interrupt_manager_MPC57xx.o
 .debug_macro   0x000008d7      0x162 ./SDK/platform/drivers/src/pins/siul2/pins_siul2_driver.o
 .debug_macro   0x00000a39       0x10 ./SDK/platform/drivers/src/pins/siul2/pins_siul2_driver.o
 .debug_macro   0x00000a49      0x14e ./SDK/platform/drivers/src/pins/siul2/siul2_hw_access.o
 .debug_macro   0x00000b97      0x1a5 ./Sources/main.o

.debug_line     0x00000000     0x30fb
 .debug_line    0x00000000      0x446 ./Generated_Code/pin_mux.o
 .debug_line    0x00000446      0x160 ./Project_Settings/Startup_Code/core0_intc_sw_handlers.o
 .debug_line    0x000005a6       0x73 ./Project_Settings/Startup_Code/interrupt_vectors.o
 .debug_line    0x00000619       0xd4 ./Project_Settings/Startup_Code/startup_MPC5748G.o
 .debug_line    0x000006ed      0x3ae ./SDK/platform/devices/MPC5748G/startup/system_MPC5748G.o
 .debug_line    0x00000a9b      0x34c ./SDK/platform/devices/startup.o
 .debug_line    0x00000de7      0xd76 ./SDK/platform/drivers/src/clock/MPC57xx/clock_MPC57xx.o
 .debug_line    0x00001b5d      0x53e ./SDK/platform/drivers/src/interrupt/interrupt_manager_MPC57xx.o
 .debug_line    0x0000209b      0x644 ./SDK/platform/drivers/src/pins/siul2/pins_siul2_driver.o
 .debug_line    0x000026df      0x436 ./SDK/platform/drivers/src/pins/siul2/siul2_hw_access.o
 .debug_line    0x00002b15      0x5e6 ./Sources/main.o

.debug_str      0x00000000   0x10cd23
 .debug_str     0x00000000   0x1040fd ./Generated_Code/pin_mux.o
                             0x106331 (size before relaxing)
 .debug_str     0x001040fd     0x20ce ./SDK/platform/devices/MPC5748G/startup/system_MPC5748G.o
                             0x107d8b (size before relaxing)
 .debug_str     0x001061cb      0x391 ./SDK/platform/devices/startup.o
                             0x105e84 (size before relaxing)
 .debug_str     0x0010655c     0x5f5d ./SDK/platform/drivers/src/clock/MPC57xx/clock_MPC57xx.o
                             0x10bcd7 (size before relaxing)
 .debug_str     0x0010c4b9      0x3f7 ./SDK/platform/drivers/src/interrupt/interrupt_manager_MPC57xx.o
                             0x107ebe (size before relaxing)
 .debug_str     0x0010c8b0      0x378 ./SDK/platform/drivers/src/pins/siul2/pins_siul2_driver.o
                             0x106fb3 (size before relaxing)
 .debug_str     0x0010cc28       0x66 ./SDK/platform/drivers/src/pins/siul2/siul2_hw_access.o
                             0x1063ce (size before relaxing)
 .debug_str     0x0010cc8e       0x95 ./Sources/main.o
                             0x109efc (size before relaxing)

.debug_ranges   0x00000000      0x380
 .debug_ranges  0x00000000       0x20 ./Project_Settings/Startup_Code/startup_MPC5748G.o
 .debug_ranges  0x00000020       0x20 ./SDK/platform/devices/MPC5748G/startup/system_MPC5748G.o
 .debug_ranges  0x00000040       0x10 ./SDK/platform/devices/startup.o
 .debug_ranges  0x00000050      0x1e8 ./SDK/platform/drivers/src/clock/MPC57xx/clock_MPC57xx.o
 .debug_ranges  0x00000238       0x70 ./SDK/platform/drivers/src/interrupt/interrupt_manager_MPC57xx.o
 .debug_ranges  0x000002a8       0x90 ./SDK/platform/drivers/src/pins/siul2/pins_siul2_driver.o
 .debug_ranges  0x00000338       0x30 ./SDK/platform/drivers/src/pins/siul2/siul2_hw_access.o
 .debug_ranges  0x00000368       0x18 ./Sources/main.o

.debug_loc      0x00000000     0x4a26
 .debug_loc     0x00000000      0x1c0 ./SDK/platform/devices/MPC5748G/startup/system_MPC5748G.o
 .debug_loc     0x000001c0      0x181 ./SDK/platform/devices/startup.o
 .debug_loc     0x00000341     0x39a1 ./SDK/platform/drivers/src/clock/MPC57xx/clock_MPC57xx.o
 .debug_loc     0x00003ce2      0x559 ./SDK/platform/drivers/src/interrupt/interrupt_manager_MPC57xx.o
 .debug_loc     0x0000423b      0x4cb ./SDK/platform/drivers/src/pins/siul2/pins_siul2_driver.o
 .debug_loc     0x00004706      0x320 ./SDK/platform/drivers/src/pins/siul2/siul2_hw_access.o

.debug_frame    0x00000000      0x490
 .debug_frame   0x00000000       0x40 ./SDK/platform/devices/MPC5748G/startup/system_MPC5748G.o
 .debug_frame   0x00000040       0x2c ./SDK/platform/devices/startup.o
 .debug_frame   0x0000006c      0x17c ./SDK/platform/drivers/src/clock/MPC57xx/clock_MPC57xx.o
 .debug_frame   0x000001e8       0xe0 ./SDK/platform/drivers/src/interrupt/interrupt_manager_MPC57xx.o
 .debug_frame   0x000002c8      0x148 ./SDK/platform/drivers/src/pins/siul2/pins_siul2_driver.o
 .debug_frame   0x00000410       0x30 ./SDK/platform/drivers/src/pins/siul2/siul2_hw_access.o
 .debug_frame   0x00000440       0x50 ./Sources/main.o
